// Jest Snapshot v1, https://goo.gl/fbAQLP

exports[`Ripa Header should match snapshot 1`] = `
<div
  class="ripa-header"
>
  <span
    class="tw-text-base md:tw-text-lg tw-uppercase"
  >
    
  </span>
</div>
`;
