// Jest Snapshot v1, https://goo.gl/fbAQLP

exports[`Ripa Radio Group should match snapshot 1`] = `
<div class="ripa-radio-group">
  <v-radio-group-stub valuecomparator="[Function]" value="" activeclass="v-item--active" tag="div" errorcount="1" errormessages="" messages="" rules="" successmessages="" backgroundcolor="" height="auto" column="true"></v-radio-group-stub>
  <!---->
</div>
`;
