// Jest Snapshot v1, https://goo.gl/fbAQLP

exports[`Ripa Stops With Errors Grid should match snapshot 1`] = `
<div
  class="ripa-stops-with-errors-grid"
  value="[object Object]"
>
  <v-data-table-stub
    customfilter="[Function]"
    customgroup="[Function]"
    customsort="[Function]"
    expanded=""
    expandicon="$expand"
    groupby=""
    groupdesc=""
    headers="[object Object],[object Object]"
    itemclass=""
    itemkey="id"
    items=""
    itemsperpage="10"
    loaderheight="4"
    loadingtext="$vuetify.dataIterator.loadingText"
    locale="en-US"
    mobilebreakpoint="0"
    nodatatext="$vuetify.noDataText"
    noresultstext="$vuetify.dataIterator.noResultsText"
    options="[object Object]"
    page="1"
    selectablekey="isSelectable"
    serveritemslength="-1"
    singleselect="true"
    sortby="id"
    sortdesc=""
    value=""
  />
</div>
`;
