// Jest Snapshot v1, https://goo.gl/fbAQLP

exports[`Ripa Stops Grid should match snapshot 1`] = `
<v-container-stub
  class="tw-mt-2"
  fluid="true"
  tag="div"
>
  <v-layout-stub
    align-center=""
    class="stopsGridContainer"
    nowrap=""
    row=""
    tag="div"
  >
    <v-flex-stub
      md2=""
      tag="div"
      xs12=""
    >
      <div
        class="tw-ml-2"
      >
        <ripa-date-picker-stub
          label="From Date"
          rules=""
        />
      </div>
    </v-flex-stub>
     
    <v-flex-stub
      md2=""
      tag="div"
      xs12=""
    >
      <div
        class="tw-ml-2"
      >
        <ripa-date-picker-stub
          label="To Date"
          rules=""
        />
      </div>
    </v-flex-stub>
     
    <v-flex-stub
      md2=""
      tag="div"
      xs12=""
    >
      <div
        class="tw-ml-2"
      >
        <v-select-stub
          appendicon="$dropdown"
          backgroundcolor=""
          clearable="true"
          clearicon="$clear"
          deletablechips="true"
          errorcount="1"
          errormessages=""
          itemcolor="primary"
          itemdisabled="disabled"
          items="[object Object],[object Object],[object Object],[object Object],[object Object]"
          itemtext="text"
          itemvalue="value"
          label="Status"
          loaderheight="2"
          menuprops="[object Object]"
          messages=""
          multiple="true"
          nodatatext="$vuetify.noDataText"
          rules=""
          smallchips="true"
          successmessages=""
          type="text"
          valuecomparator="[Function]"
        />
      </div>
    </v-flex-stub>
     
    <v-flex-stub
      md1=""
      tag="div"
      xs12=""
    >
      <div
        class="tw-flex tw-justify-center"
      >
        <v-switch-stub
          backgroundcolor=""
          class="tw-ml-2"
          errorcount="1"
          errormessages=""
          label="PII Found"
          messages=""
          ripple="true"
          rules=""
          successmessages=""
          valuecomparator="[Function]"
        />
      </div>
    </v-flex-stub>
     
    <v-flex-stub
      md1=""
      tag="div"
      xs12=""
    >
      <div
        class="tw-flex tw-justify-center"
      >
        <v-switch-stub
          backgroundcolor=""
          class="tw-ml-2"
          errorcount="1"
          errormessages=""
          label="Edited"
          messages=""
          ripple="true"
          rules=""
          successmessages=""
          valuecomparator="[Function]"
        />
      </div>
    </v-flex-stub>
     
    <v-flex-stub
      md4=""
      tag="div"
      xs12=""
    >
      <div
        class="tw-flex tw-justify-center"
      >
        <v-autocomplete-stub
          allowoverflow="true"
          appendicon="$dropdown"
          backgroundcolor=""
          cacheitems="true"
          clearicon="$clear"
          errorcount="1"
          errormessages=""
          filter="[Function]"
          itemcolor="primary"
          itemdisabled="disabled"
          items=""
          itemtext="text"
          itemvalue="value"
          label="Error Codes"
          loaderheight="2"
          menuprops="[object Object]"
          messages=""
          multiple="true"
          nodatatext="$vuetify.noDataText"
          rules=""
          successmessages=""
          type="text"
          value=""
          valuecomparator="[Function]"
        />
      </div>
    </v-flex-stub>
     
    <v-flex-stub
      tag="div"
      xs12=""
    >
      <!---->
       
      <!---->
    </v-flex-stub>
     
    <v-flex-stub
      tag="div"
      xs12=""
    >
      <v-data-table-stub
        class="adminStopsTable"
        customfilter="[Function]"
        customgroup="[Function]"
        customsort="[Function]"
        expanded=""
        expandicon="$expand"
        groupby=""
        groupdesc=""
        headers="[object Object],[object Object],[object Object],[object Object],[object Object],[object Object],[object Object]"
        hidedefaultfooter="true"
        itemclass=""
        itemkey="id"
        items=""
        itemsperpage="10"
        loaderheight="4"
        loadingtext="$vuetify.dataIterator.loadingText"
        locale="en-US"
        mobilebreakpoint="600"
        nodatatext="$vuetify.noDataText"
        noresultstext="$vuetify.dataIterator.noResultsText"
        options="[object Object]"
        page="1"
        search=""
        selectablekey="isSelectable"
        serveritemslength="0"
        showselect="true"
        sortby="StopDateTime"
        sortdesc="true"
        value=""
      />
    </v-flex-stub>
     
    <v-flex-stub
      tag="div"
      xs12=""
    >
      <v-divider-stub />
    </v-flex-stub>
  </v-layout-stub>
</v-container-stub>
`;
