// Jest Snapshot v1, https://goo.gl/fbAQLP

exports[`Ripa Unhoused should match snapshot 1`] = `<div value="[object Object]"></div>`;
