// Jest Snapshot v1, https://goo.gl/fbAQLP

exports[`Ripa Invalid User Dialog should match snapshot 1`] = `
<div role="dialog" class="v-dialog__container">
  <!---->
</div>
`;
