// Jest Snapshot v1, https://goo.gl/fbAQLP

exports[`Ripa CPRA Report History should match snapshot 1`] = `
<v-container-stub
  class="tw-mt-2"
  tag="div"
>
  <v-data-table-stub
    customfilter="[Function]"
    customgroup="[Function]"
    customsort="[Function]"
    expanded=""
    expandicon="$expand"
    groupby=""
    groupdesc=""
    headers="[object Object],[object Object],[object Object],[object Object]"
    itemclass=""
    itemkey="id"
    items=""
    itemsperpage="10"
    loaderheight="4"
    loadingtext="$vuetify.dataIterator.loadingText"
    locale="en-US"
    mobilebreakpoint="600"
    nodatatext="$vuetify.noDataText"
    noresultstext="$vuetify.dataIterator.noResultsText"
    options="[object Object]"
    page="1"
    selectablekey="isSelectable"
    serveritemslength="-1"
    sortby=""
    sortdesc=""
    value=""
  />
</v-container-stub>
`;
