// Jest Snapshot v1, https://goo.gl/fbAQLP

exports[`Ripa Add Favorite Dialog should match snapshot 1`] = `
<div class="v-dialog__container">
  <!---->
</div>
`;
