// Jest Snapshot v1, https://goo.gl/fbAQLP

exports[`Ripa Form Step 6 should match snapshot 1`] = `
<v-form-stub
  lazyvalidation="true"
>
  <ripa-agency-questions-stub
    onopenstatute="[Function]"
    value="[object Object]"
  />
   
  <v-spacer-stub />
   
  <!---->
   
  <div
    class="tw-flex tw-mt-8 tw-justify-center"
  >
    <v-btn-stub
      activeclass=""
      class="tw-mr-2"
      color="primary"
      outlined="true"
      tag="button"
      type="button"
    >
      
        Back
      
    </v-btn-stub>
     
    <v-btn-stub
      activeclass=""
      class="tw-mr-2"
      color="error"
      outlined="true"
      tag="button"
      type="button"
    >
      
      Cancel
    
    </v-btn-stub>
     
    <v-btn-stub
      activeclass=""
      color="primary"
      tag="button"
      type="button"
    >
      
      Next
    
    </v-btn-stub>
  </div>
</v-form-stub>
`;
