// Jest Snapshot v1, https://goo.gl/fbAQLP

exports[`Ripa Statutes Grid should match snapshot 1`] = `
<div class="ripa-statutes-grid">
  <p class="ripa-statutes-grid--info">
    Data in this table is provided by CA DOJ and maintained periodically on
    CLEW (<a href="https://clew.doj.ca.gov/sd-ab953" target="_blank" rel="noopener noreferrer">
      https://clew.doj.ca.gov/sd-ab953 </a>). Exercise caution when uploading data. Any mismatches will produce
    errors upon submission to CA DOJ.
  </p>
  <div class="v-card__title">
    <div class="v-input v-input--hide-details theme--light v-text-field v-text-field--single-line">
      <div class="v-input__control">
        <div class="v-input__slot">
          <div class="v-text-field__slot"><label for="input-2" class="v-label theme--light" style="left: 0px; position: absolute;">Search</label><input id="input-2" type="text"></div>
          <div class="v-input__append-inner">
            <div class="v-input__icon v-input__icon--append"><i aria-hidden="true" class="v-icon notranslate mdi mdi-magnify theme--light"></i></div>
          </div>
        </div>
      </div>
    </div>
  </div>
  <div class="v-data-table v-data-table--has-top v-data-table--has-bottom theme--light">
    <header class="v-sheet theme--light v-toolbar v-toolbar--flat" style="height: 64px;">
      <div class="v-toolbar__content" style="height: 64px;">
        <div class="v-toolbar__title tw-uppercase">Admin: Maintain Statutues</div>
      </div>
    </header>
    <div class="v-data-table__wrapper">
      <table>
        <colgroup>
          <col class="">
          <col class="">
          <col class="">
          <col class="">
          <col class="">
          <col class="">
          <col class="">
          <col class="">
          <col class="">
          <col class="">
          <col class="">
          <col class="">
          <col class="">
          <col class="">
          <col class="">
        </colgroup>
        <thead class="v-data-table-header">
          <tr>
            <th role="columnheader" scope="col" aria-label="ID: Not sorted. Activate to sort ascending." aria-sort="none" class="text-start sortable"><span>ID</span><i aria-hidden="true" class="v-icon notranslate v-data-table-header__icon mdi mdi-arrow-up theme--light" style="font-size: 18px;"></i></th>
            <th role="columnheader" scope="col" aria-label="Offense Code: Sorted ascending. Activate to sort descending." aria-sort="ascending" class="text-start sortable active asc"><span>Offense Code</span><i aria-hidden="true" class="v-icon notranslate v-data-table-header__icon mdi mdi-arrow-up theme--light" style="font-size: 18px;"></i></th>
            <th role="columnheader" scope="col" aria-label="Offense Statute: Not sorted. Activate to sort ascending." aria-sort="none" class="text-start sortable"><span>Offense Statute</span><i aria-hidden="true" class="v-icon notranslate v-data-table-header__icon mdi mdi-arrow-up theme--light" style="font-size: 18px;"></i></th>
            <th role="columnheader" scope="col" aria-label="Offense Validation CD: Not sorted. Activate to sort ascending." aria-sort="none" class="text-start sortable"><span>Offense Validation CD</span><i aria-hidden="true" class="v-icon notranslate v-data-table-header__icon mdi mdi-arrow-up theme--light" style="font-size: 18px;"></i></th>
            <th role="columnheader" scope="col" aria-label="Offense Txn Type CD: Not sorted. Activate to sort ascending." aria-sort="none" class="text-start sortable"><span>Offense Txn Type CD</span><i aria-hidden="true" class="v-icon notranslate v-data-table-header__icon mdi mdi-arrow-up theme--light" style="font-size: 18px;"></i></th>
            <th role="columnheader" scope="col" aria-label="Offense Type of Statute CD: Not sorted. Activate to sort ascending." aria-sort="none" class="text-start sortable"><span>Offense Type of Statute CD</span><i aria-hidden="true" class="v-icon notranslate v-data-table-header__icon mdi mdi-arrow-up theme--light" style="font-size: 18px;"></i></th>
            <th role="columnheader" scope="col" aria-label="Statute Literal: Not sorted. Activate to sort ascending." aria-sort="none" class="text-start sortable"><span>Statute Literal</span><i aria-hidden="true" class="v-icon notranslate v-data-table-header__icon mdi mdi-arrow-up theme--light" style="font-size: 18px;"></i></th>
            <th role="columnheader" scope="col" aria-label="Offense Default Type of Charge: Not sorted. Activate to sort ascending." aria-sort="none" class="text-start sortable"><span>Offense Default Type of Charge</span><i aria-hidden="true" class="v-icon notranslate v-data-table-header__icon mdi mdi-arrow-up theme--light" style="font-size: 18px;"></i></th>
            <th role="columnheader" scope="col" aria-label="Offense Type of Charge: Not sorted. Activate to sort ascending." aria-sort="none" class="text-start sortable"><span>Offense Type of Charge</span><i aria-hidden="true" class="v-icon notranslate v-data-table-header__icon mdi mdi-arrow-up theme--light" style="font-size: 18px;"></i></th>
            <th role="columnheader" scope="col" aria-label="Offense Literal ID CD: Not sorted. Activate to sort ascending." aria-sort="none" class="text-start sortable"><span>Offense Literal ID CD</span><i aria-hidden="true" class="v-icon notranslate v-data-table-header__icon mdi mdi-arrow-up theme--light" style="font-size: 18px;"></i></th>
            <th role="columnheader" scope="col" aria-label="Offense Code: Not sorted. Activate to sort ascending." aria-sort="none" class="text-start sortable"><span>Offense Code</span><i aria-hidden="true" class="v-icon notranslate v-data-table-header__icon mdi mdi-arrow-up theme--light" style="font-size: 18px;"></i></th>
            <th role="columnheader" scope="col" aria-label="BCS Hierarchy CD: Not sorted. Activate to sort ascending." aria-sort="none" class="text-start sortable"><span>BCS Hierarchy CD</span><i aria-hidden="true" class="v-icon notranslate v-data-table-header__icon mdi mdi-arrow-up theme--light" style="font-size: 18px;"></i></th>
            <th role="columnheader" scope="col" aria-label="Offense Enacted: Not sorted. Activate to sort ascending." aria-sort="none" class="text-start sortable" style="width: 110px; min-width: 110px;"><span>Offense Enacted</span><i aria-hidden="true" class="v-icon notranslate v-data-table-header__icon mdi mdi-arrow-up theme--light" style="font-size: 18px;"></i></th>
            <th role="columnheader" scope="col" aria-label="Offense Repealed: Not sorted. Activate to sort ascending." aria-sort="none" class="text-start sortable" style="width: 110px; min-width: 110px;"><span>Offense Repealed</span><i aria-hidden="true" class="v-icon notranslate v-data-table-header__icon mdi mdi-arrow-up theme--light" style="font-size: 18px;"></i></th>
            <th role="columnheader" scope="col" aria-label="Alps Cognizant CD: Not sorted. Activate to sort ascending." aria-sort="none" class="text-start sortable"><span>Alps Cognizant CD</span><i aria-hidden="true" class="v-icon notranslate v-data-table-header__icon mdi mdi-arrow-up theme--light" style="font-size: 18px;"></i></th>
          </tr>
        </thead>
        <tbody>
          <tr class="v-data-table__empty-wrapper">
            <td colspan="15">
              <div>No Data</div>
            </td>
          </tr>
        </tbody>
      </table>
    </div>
    <div class="v-data-footer">
      <div class="v-data-footer__select">Rows per page:<div class="v-input v-input--hide-details v-input--is-label-active v-input--is-dirty theme--light v-text-field v-select">
          <div class="v-input__control">
            <div role="button" aria-haspopup="listbox" aria-expanded="false" aria-owns="list-25" class="v-input__slot">
              <div class="v-select__slot">
                <div class="v-select__selections">
                  <div class="v-select__selection v-select__selection--comma">10</div><input aria-label="Rows per page:" id="input-25" readonly="readonly" type="text" aria-readonly="false" autocomplete="off">
                </div>
                <div class="v-input__append-inner">
                  <div class="v-input__icon v-input__icon--append"><i aria-hidden="true" class="v-icon notranslate mdi mdi-menu-down theme--light"></i></div>
                </div><input type="hidden" value="10">
              </div>
              <div class="v-menu">
                <!---->
              </div>
            </div>
          </div>
        </div>
      </div>
      <div class="v-data-footer__pagination">â€“</div>
      <div class="v-data-footer__icons-before"><button type="button" disabled="disabled" class="v-btn v-btn--disabled v-btn--icon v-btn--round v-btn--text theme--light v-size--default" aria-label="Previous page"><span class="v-btn__content"><i aria-hidden="true" class="v-icon notranslate mdi mdi-chevron-left theme--light"></i></span></button></div>
      <div class="v-data-footer__icons-after"><button type="button" disabled="disabled" class="v-btn v-btn--disabled v-btn--icon v-btn--round v-btn--text theme--light v-size--default" aria-label="Next page"><span class="v-btn__content"><i aria-hidden="true" class="v-icon notranslate mdi mdi-chevron-right theme--light"></i></span></button></div>
    </div>
  </div>
</div>
`;
